AR im behavioral E:/Usuario/Documentos/Xilinx/Procesador1.1/IM.vhd sub00/vhpl09 1492239553
AR npc behavioral E:/Usuario/Documentos/Xilinx/Procesador1.1/NPC.vhd sub00/vhpl01 1491522877
EN im NULL E:/Usuario/Documentos/Xilinx/Procesador1.1/IM.vhd sub00/vhpl08 1492239552
AR sumador behavioral E:/Usuario/Documentos/Xilinx/Procesador1.1/SUMADOR.vhd sub00/vhpl05 1491868864
EN pc NULL E:/Usuario/Documentos/Xilinx/Procesador1.1/PC.vhd sub00/vhpl02 1491869038
EN rf NULL E:/Usuario/Documentos/Xilinx/Procesador1.1/RF.vhd sub00/vhpl06 1492231772
EN npc NULL E:/Usuario/Documentos/Xilinx/Procesador1.1/NPC.vhd sub00/vhpl00 1491522876
AR pc behavioral E:/Usuario/Documentos/Xilinx/Procesador1.1/PC.vhd sub00/vhpl03 1491869039
EN sumador NULL E:/Usuario/Documentos/Xilinx/Procesador1.1/SUMADOR.vhd sub00/vhpl04 1491868863
AR rf behavioral E:/Usuario/Documentos/Xilinx/Procesador1.1/RF.vhd sub00/vhpl07 1492231773
